
> yicreatives-studio@0.1.0 build
> next build

   ▲ Next.js 16.0.7 (Turbopack)
   - Environments: .env.local

 ⚠ The "middleware" file convention is deprecated. Please use "proxy" instead. Learn more: https://nextjs.org/docs/messages/middleware-to-proxy
   Creating an optimized production build ...
 ✓ Compiled successfully in 28.6s
   Running TypeScript ...
   Collecting page data using 7 workers ...
   Generating static pages using 7 workers (0/47) ...
   Generating static pages using 7 workers (11/47) 
   Generating static pages using 7 workers (23/47) 
   Generating static pages using 7 workers (35/47) 
 ✓ Generating static pages using 7 workers (47/47) in 2.6s
   Finalizing page optimization ...

Route (app)
┌ ○ /
├ ○ /_not-found
├ ƒ /api/admin/learning/patches
├ ƒ /api/admin/learning/patterns
├ ƒ /api/admin/learning/stats
├ ƒ /api/admin/migrate-images
├ ƒ /api/admin/migrate-thumbnails
├ ƒ /api/agents/design-analysis
├ ƒ /api/agents/feedback-analyzer
├ ƒ /api/agents/feedback-learning/analyze
├ ƒ /api/agents/feedback-learning/cache
├ ƒ /api/agents/feedback-learning/experiments
├ ƒ /api/agents/feedback-learning/experiments/[id]
├ ƒ /api/agents/feedback-learning/patches
├ ƒ /api/agents/feedback-learning/patches/[id]
├ ƒ /api/agents/feedback-learning/patterns
├ ƒ /api/agents/feedback-learning/prevent
├ ƒ /api/agents/feedback-learning/rollback
├ ƒ /api/agents/feedback-learning/seed
├ ƒ /api/agents/feedback-learning/shadow
├ ƒ /api/agents/feedback-learning/understand
├ ƒ /api/agents/feedback-learning/vision
├ ƒ /api/agents/ui-ux-ultra
├ ƒ /api/auth/user-data
├ ƒ /api/dashboard/preferences
├ ƒ /api/dashboard/stats
├ ƒ /api/download
├ ƒ /api/export
├ ƒ /api/feedback
├ ƒ /api/feedback/[id]
├ ƒ /api/feedback/bulk
├ ƒ /api/gallery/creatives
├ ƒ /api/generate
├ ƒ /api/generate-fields
├ ƒ /api/knowledge-patches/apply
├ ƒ /api/optimize-logo-positions
├ ƒ /api/resize-template
├ ƒ /api/suggest-design
├ ƒ /api/suggest-fields
├ ƒ /api/templates/save
├ ƒ /api/test-agent
├ ƒ /auth/callback
├ ○ /auth/error
├ ○ /auth/login
├ ○ /auth/signup
├ ○ /auth/verify
├ ƒ /bulk
├ ƒ /create
├ ƒ /create/[type]
├ ƒ /dashboard
├ ƒ /dashboard/create/[type]
├ ƒ /gallery
├ ○ /icon
├ ○ /onboarding
├ ƒ /settings/analytics
├ ƒ /settings/analytics/costs
├ ƒ /settings/analytics/feedback
├ ƒ /settings/analytics/learning
├ ƒ /settings/billing
├ ƒ /settings/brand
├ ƒ /settings/knowledge-patches
├ ƒ /settings/logos
├ ƒ /settings/team
└ ƒ /templates


ƒ Proxy (Middleware)

○  (Static)   prerendered as static content
ƒ  (Dynamic)  server-rendered on demand

